// Jest Snapshot v1, https://goo.gl/fbAQLP

exports[` 1`] = `
<div
  className="MovieDisplay-main-4"
>
  <div
    className="MovieDisplay-titlebar-10"
  >
    <div
      className="MovieDisplay-fav-1"
    >
      <button
        className="MuiButtonBase-root-19 MuiIconButton-root-13"
        disabled={false}
        onBlur={[Function]}
        onClick={[Function]}
        onContextMenu={[Function]}
        onFocus={[Function]}
        onKeyDown={[Function]}
        onKeyUp={[Function]}
        onMouseDown={[Function]}
        onMouseLeave={[Function]}
        onMouseUp={[Function]}
        onTouchEnd={[Function]}
        onTouchMove={[Function]}
        onTouchStart={[Function]}
        size="large"
        tabIndex="0"
        type="button"
      >
        <span
          className="MuiIconButton-label-18"
        >
          <svg
            aria-hidden="true"
            className="MuiSvgIcon-root-22 FavouriteButton-favourited-11"
            focusable="false"
            role="presentation"
            style={
              Object {
                "color": "black",
              }
            }
            viewBox="0 0 24 24"
          >
            <path
              d="M0 0h24v24H0V0z"
              fill="none"
            />
            <g>
              <path
                d="M16.5 5c-1.54 0-3.04.99-3.56 2.36h-1.87C10.54 5.99 9.04 5 7.5 5 5.5 5 4 6.5 4 8.5c0 2.89 3.14 5.74 7.9 10.05l.1.1.1-.1C16.86 14.24 20 11.39 20 8.5c0-2-1.5-3.5-3.5-3.5z"
                opacity=".3"
              />
              <path
                d="M16.5 3c-1.74 0-3.41.81-4.5 2.09C10.91 3.81 9.24 3 7.5 3 4.42 3 2 5.42 2 8.5c0 3.78 3.4 6.86 8.55 11.54L12 21.35l1.45-1.32C18.6 15.36 22 12.28 22 8.5 22 5.42 19.58 3 16.5 3zm-4.4 15.55l-.1.1-.1-.1C7.14 14.24 4 11.39 4 8.5 4 6.5 5.5 5 7.5 5c1.54 0 3.04.99 3.57 2.36h1.87C13.46 5.99 14.96 5 16.5 5c2 0 3.5 1.5 3.5 3.5 0 2.89-3.14 5.74-7.9 10.05z"
              />
            </g>
          </svg>
        </span>
        <span
          className="MuiTouchRipple-root-67"
        />
      </button>
    </div>
    <div
      className="MovieDisplay-title-9"
    >
      <h4
        className="MuiTypography-root-31 MuiTypography-h4-46"
      />
    </div>
  </div>
  <div
    className="MovieDisplay-image-2"
  >
    <img
      alt="currMovie poster"
      className="MovieDisplay-poster-6"
    />
    <div>
      Released...undefined
    </div>
    <br />
    <div>
      Rated
      <h3>
         
         
      </h3>
    </div>
    <div>
      <h6>
         
        imdbID: undefined
         
      </h6>
    </div>
  </div>
  <div
    className="MovieDisplay-info-3"
  >
    <div>
      <h4>
         
        Genre:
         
      </h4>
      <p>
         
         
      </p>
    </div>
    <div>
      <h4>
         
        Director:
         
      </h4>
      <p>
         
         
      </p>
    </div>
    <div>
      <h4>
         
         Starring:
         
      </h4>
      <p>
         
         
      </p>
    </div>
  </div>
  <div
    className="MovieDisplay-ratings-8"
  >
    <div>
      <h4>
         Critics Ratings: 
      </h4>
      <p>
         
         
      </p>
      <br />
    </div>
  </div>
  <div
    className="MovieDisplay-plot-5"
  >
    <h4>
       Movie Plot: 
    </h4>
    <p>
       
       
    </p>
  </div>
</div>
`;
